<?php return array (
  0 => 'Symfony\\Bundle\\FrameworkBundle\\Controller\\AbstractController',
  1 => 'App\\Controller\\ActivitiesAdminController',
  2 => 'App\\Controller\\ActivitiesController',
  3 => 'App\\Controller\\AdminController',
  4 => 'App\\Controller\\CommandeAdminController',
  5 => 'App\\Controller\\CommandeController',
  6 => 'App\\Controller\\CommentaireAdminController',
  7 => 'App\\Controller\\CommentaireController',
  8 => 'App\\Controller\\EvenementAdminController',
  9 => 'App\\Controller\\EvenementController',
  10 => 'App\\Controller\\GouvernoratAdminController',
  11 => 'App\\Controller\\GouvernoratController',
  12 => 'App\\Controller\\HomeController',
  13 => 'App\\Controller\\HotelAdminController',
  14 => 'App\\Controller\\HotelController',
  15 => 'App\\Controller\\ParticipationActivityController',
  16 => 'App\\Controller\\ParticipationEventController',
  17 => 'App\\Controller\\PlatAdminController',
  18 => 'App\\Controller\\PlatController',
  19 => 'App\\Controller\\ProduitAdminController',
  20 => 'App\\Controller\\ProduitController',
  21 => 'App\\Controller\\RateHotelAdminController',
  22 => 'App\\Controller\\RateHotelController',
  23 => 'App\\Controller\\ReservationController',
  24 => 'App\\Entity\\Activities',
  25 => 'App\\Entity\\ActivityLikes',
  26 => 'App\\Entity\\Articleculturel',
  27 => 'App\\Entity\\Commande',
  28 => 'App\\Entity\\Commentaire',
  29 => 'App\\Entity\\CommentaireLikes',
  30 => 'App\\Entity\\CommentaireReported',
  31 => 'App\\Entity\\Evenement',
  32 => 'App\\Entity\\Gouvernorat',
  33 => 'App\\Entity\\Hotel',
  34 => 'App\\Entity\\ParticipationActivity',
  35 => 'App\\Entity\\ParticipationEvent',
  36 => 'App\\Entity\\Plat',
  37 => 'App\\Entity\\Produit',
  38 => 'App\\Entity\\RateEvenement',
  39 => 'App\\Entity\\RateHotel',
  40 => 'App\\Entity\\Reservation',
  41 => 'App\\Entity\\Utilisateur',
  42 => 'Doctrine\\Bundle\\DoctrineBundle\\Controller\\ProfilerController',
  43 => 'Doctrine\\ORM\\Cache\\Persister\\Entity\\AbstractEntityPersister',
  44 => 'Doctrine\\ORM\\Cache\\Persister\\Entity\\CachedEntityPersister',
  45 => 'Doctrine\\ORM\\Cache\\Persister\\Entity\\NonStrictReadWriteCachedEntityPersister',
  46 => 'Doctrine\\ORM\\Cache\\Persister\\Entity\\ReadOnlyCachedEntityPersister',
  47 => 'Doctrine\\ORM\\Cache\\Persister\\Entity\\ReadWriteCachedEntityPersister',
  48 => 'Doctrine\\ORM\\Persisters\\Entity\\AbstractEntityInheritancePersister',
  49 => 'Doctrine\\ORM\\Persisters\\Entity\\BasicEntityPersister',
  50 => 'Doctrine\\ORM\\Persisters\\Entity\\CachedPersisterContext',
  51 => 'Doctrine\\ORM\\Persisters\\Entity\\EntityPersister',
  52 => 'Doctrine\\ORM\\Persisters\\Entity\\JoinedSubclassPersister',
  53 => 'Doctrine\\ORM\\Persisters\\Entity\\SingleTablePersister',
  55 => 'Symfony\\Bundle\\FrameworkBundle\\Controller\\ControllerResolver',
  56 => 'Symfony\\Bundle\\FrameworkBundle\\Controller\\RedirectController',
  57 => 'Symfony\\Bundle\\FrameworkBundle\\Controller\\TemplateController',
  58 => 'Symfony\\Component\\HttpKernel\\Controller\\ArgumentResolver',
  59 => 'Symfony\\Component\\HttpKernel\\Controller\\ArgumentResolverInterface',
  60 => 'Symfony\\Component\\HttpKernel\\Controller\\ArgumentResolver\\DefaultValueResolver',
  61 => 'Symfony\\Component\\HttpKernel\\Controller\\ArgumentResolver\\NotTaggedControllerValueResolver',
  62 => 'Symfony\\Component\\HttpKernel\\Controller\\ArgumentResolver\\RequestAttributeValueResolver',
  63 => 'Symfony\\Component\\HttpKernel\\Controller\\ArgumentResolver\\RequestValueResolver',
  64 => 'Symfony\\Component\\HttpKernel\\Controller\\ArgumentResolver\\ServiceValueResolver',
  65 => 'Symfony\\Component\\HttpKernel\\Controller\\ArgumentResolver\\SessionValueResolver',
  66 => 'Symfony\\Component\\HttpKernel\\Controller\\ArgumentResolver\\TraceableValueResolver',
  67 => 'Symfony\\Component\\HttpKernel\\Controller\\ArgumentResolver\\VariadicValueResolver',
  68 => 'Symfony\\Component\\HttpKernel\\Controller\\ArgumentValueResolverInterface',
  69 => 'Symfony\\Component\\HttpKernel\\Controller\\ContainerControllerResolver',
  70 => 'Symfony\\Component\\HttpKernel\\Controller\\ControllerReference',
  71 => 'Symfony\\Component\\HttpKernel\\Controller\\ControllerResolver',
  72 => 'Symfony\\Component\\HttpKernel\\Controller\\ControllerResolverInterface',
  73 => 'Symfony\\Component\\HttpKernel\\Controller\\ErrorController',
  74 => 'Symfony\\Component\\HttpKernel\\Controller\\TraceableArgumentResolver',
  75 => 'Symfony\\Component\\HttpKernel\\Controller\\TraceableControllerResolver',
);