<?php return array (
  0 => 'Symfony\\Bundle\\FrameworkBundle\\Controller\\AbstractController',
  1 => 'App\\Controller\\ACControllerBackController',
  2 => 'App\\Controller\\ActivitiesAdminController',
  3 => 'App\\Controller\\ActivitiesController',
  4 => 'App\\Controller\\AdminController',
  5 => 'App\\Controller\\ArticleCulturelleController',
  6 => 'App\\Controller\\CommandeAdminController',
  7 => 'App\\Controller\\CommandeController',
  8 => 'App\\Controller\\CommentaireAdminController',
  9 => 'App\\Controller\\CommentaireController',
  10 => 'App\\Controller\\EvenementAdminController',
  11 => 'App\\Controller\\EvenementController',
  12 => 'App\\Controller\\GouvernoratAdminController',
  13 => 'App\\Controller\\GouvernoratController',
  14 => 'App\\Controller\\HomeController',
  15 => 'App\\Controller\\HotelAdminController',
  16 => 'App\\Controller\\HotelController',
  17 => 'App\\Controller\\ParticipationActivityController',
  18 => 'App\\Controller\\ParticipationEventController',
  19 => 'App\\Controller\\PlatAdminController',
  20 => 'App\\Controller\\PlatController',
  21 => 'App\\Controller\\ProduitAdminController',
  22 => 'App\\Controller\\ProduitController',
  23 => 'App\\Controller\\RateHotelAdminController',
  24 => 'App\\Controller\\RateHotelController',
  25 => 'App\\Controller\\ReclamationBackController',
  26 => 'App\\Controller\\ReclamationController',
  27 => 'App\\Controller\\RegistrationController',
  28 => 'App\\Controller\\ReservationController',
  29 => 'App\\Controller\\SecurityController',
  30 => 'App\\Controller\\SecurityHomeController',
  31 => 'App\\Controller\\UserAdminController',
  32 => 'App\\Controller\\UserController',
  33 => 'App\\Entity\\Activities',
  34 => 'App\\Entity\\ActivityLikes',
  35 => 'App\\Entity\\Articleculturel',
  36 => 'App\\Entity\\Commande',
  37 => 'App\\Entity\\Commentaire',
  38 => 'App\\Entity\\CommentaireLikes',
  39 => 'App\\Entity\\CommentaireReported',
  40 => 'App\\Entity\\Evenement',
  41 => 'App\\Entity\\Gouvernorat',
  42 => 'App\\Entity\\Hotel',
  43 => 'App\\Entity\\ParticipationActivity',
  44 => 'App\\Entity\\ParticipationEvent',
  45 => 'App\\Entity\\Plat',
  46 => 'App\\Entity\\Produit',
  47 => 'App\\Entity\\RateEvenement',
  48 => 'App\\Entity\\RateHotel',
  49 => 'App\\Entity\\Reservation',
  50 => 'App\\Entity\\Utilisateur',
  51 => 'Doctrine\\Bundle\\DoctrineBundle\\Controller\\ProfilerController',
  52 => 'Doctrine\\ORM\\Cache\\Persister\\Entity\\AbstractEntityPersister',
  53 => 'Doctrine\\ORM\\Cache\\Persister\\Entity\\CachedEntityPersister',
  54 => 'Doctrine\\ORM\\Cache\\Persister\\Entity\\NonStrictReadWriteCachedEntityPersister',
  55 => 'Doctrine\\ORM\\Cache\\Persister\\Entity\\ReadOnlyCachedEntityPersister',
  56 => 'Doctrine\\ORM\\Cache\\Persister\\Entity\\ReadWriteCachedEntityPersister',
  57 => 'Doctrine\\ORM\\Persisters\\Entity\\AbstractEntityInheritancePersister',
  58 => 'Doctrine\\ORM\\Persisters\\Entity\\BasicEntityPersister',
  59 => 'Doctrine\\ORM\\Persisters\\Entity\\CachedPersisterContext',
  60 => 'Doctrine\\ORM\\Persisters\\Entity\\EntityPersister',
  61 => 'Doctrine\\ORM\\Persisters\\Entity\\JoinedSubclassPersister',
  62 => 'Doctrine\\ORM\\Persisters\\Entity\\SingleTablePersister',
  64 => 'Symfony\\Bundle\\FrameworkBundle\\Controller\\ControllerResolver',
  65 => 'Symfony\\Bundle\\FrameworkBundle\\Controller\\RedirectController',
  66 => 'Symfony\\Bundle\\FrameworkBundle\\Controller\\TemplateController',
  67 => 'Symfony\\Bundle\\WebProfilerBundle\\Controller\\ExceptionPanelController',
  68 => 'Symfony\\Bundle\\WebProfilerBundle\\Controller\\ProfilerController',
  69 => 'Symfony\\Bundle\\WebProfilerBundle\\Controller\\RouterController',
  70 => 'Symfony\\Component\\HttpKernel\\Controller\\ArgumentResolver',
  71 => 'Symfony\\Component\\HttpKernel\\Controller\\ArgumentResolverInterface',
  72 => 'Symfony\\Component\\HttpKernel\\Controller\\ArgumentResolver\\DefaultValueResolver',
  73 => 'Symfony\\Component\\HttpKernel\\Controller\\ArgumentResolver\\NotTaggedControllerValueResolver',
  74 => 'Symfony\\Component\\HttpKernel\\Controller\\ArgumentResolver\\RequestAttributeValueResolver',
  75 => 'Symfony\\Component\\HttpKernel\\Controller\\ArgumentResolver\\RequestValueResolver',
  76 => 'Symfony\\Component\\HttpKernel\\Controller\\ArgumentResolver\\ServiceValueResolver',
  77 => 'Symfony\\Component\\HttpKernel\\Controller\\ArgumentResolver\\SessionValueResolver',
  78 => 'Symfony\\Component\\HttpKernel\\Controller\\ArgumentResolver\\TraceableValueResolver',
  79 => 'Symfony\\Component\\HttpKernel\\Controller\\ArgumentResolver\\VariadicValueResolver',
  80 => 'Symfony\\Component\\HttpKernel\\Controller\\ArgumentValueResolverInterface',
  81 => 'Symfony\\Component\\HttpKernel\\Controller\\ContainerControllerResolver',
  82 => 'Symfony\\Component\\HttpKernel\\Controller\\ControllerReference',
  83 => 'Symfony\\Component\\HttpKernel\\Controller\\ControllerResolver',
  84 => 'Symfony\\Component\\HttpKernel\\Controller\\ControllerResolverInterface',
  85 => 'Symfony\\Component\\HttpKernel\\Controller\\ErrorController',
  86 => 'Symfony\\Component\\HttpKernel\\Controller\\TraceableArgumentResolver',
  87 => 'Symfony\\Component\\HttpKernel\\Controller\\TraceableControllerResolver',
  88 => 'Symfony\\Component\\Security\\Http\\Controller\\UserValueResolver',
  89 => 'Twilio\\Rest\\Verify\\V2\\Service\\Entity\\ChallengeContext',
  90 => 'Twilio\\Rest\\Verify\\V2\\Service\\Entity\\ChallengeInstance',
  91 => 'Twilio\\Rest\\Verify\\V2\\Service\\Entity\\ChallengeList',
  92 => 'Twilio\\Rest\\Verify\\V2\\Service\\Entity\\ChallengeOptions',
  93 => 'Twilio\\Rest\\Verify\\V2\\Service\\Entity\\ChallengePage',
  94 => 'Twilio\\Rest\\Verify\\V2\\Service\\Entity\\Challenge\\NotificationInstance',
  95 => 'Twilio\\Rest\\Verify\\V2\\Service\\Entity\\Challenge\\NotificationList',
  96 => 'Twilio\\Rest\\Verify\\V2\\Service\\Entity\\Challenge\\NotificationOptions',
  97 => 'Twilio\\Rest\\Verify\\V2\\Service\\Entity\\Challenge\\NotificationPage',
  98 => 'Twilio\\Rest\\Verify\\V2\\Service\\Entity\\FactorContext',
  99 => 'Twilio\\Rest\\Verify\\V2\\Service\\Entity\\FactorInstance',
  100 => 'Twilio\\Rest\\Verify\\V2\\Service\\Entity\\FactorList',
  101 => 'Twilio\\Rest\\Verify\\V2\\Service\\Entity\\FactorOptions',
  102 => 'Twilio\\Rest\\Verify\\V2\\Service\\Entity\\FactorPage',
  103 => 'Twilio\\Rest\\Verify\\V2\\Service\\Entity\\NewFactorInstance',
  104 => 'Twilio\\Rest\\Verify\\V2\\Service\\Entity\\NewFactorList',
  105 => 'Twilio\\Rest\\Verify\\V2\\Service\\Entity\\NewFactorOptions',
  106 => 'Twilio\\Rest\\Verify\\V2\\Service\\Entity\\NewFactorPage',
);